Release 14.7 - xst P.20131013 (nt64)
Copyright (c) 1995-2013 Xilinx, Inc.  All rights reserved.
--> Parameter TMPDIR set to xst/projnav.tmp


Total REAL time to Xst completion: 0.00 secs
Total CPU time to Xst completion: 0.10 secs
 
--> Parameter xsthdpdir set to xst


Total REAL time to Xst completion: 0.00 secs
Total CPU time to Xst completion: 0.11 secs
 
--> Reading design: bip.prj

TABLE OF CONTENTS
  1) Synthesis Options Summary
  2) HDL Compilation
  3) Design Hierarchy Analysis
  4) HDL Analysis
  5) HDL Synthesis
     5.1) HDL Synthesis Report
  6) Advanced HDL Synthesis
     6.1) Advanced HDL Synthesis Report
  7) Low Level Synthesis
  8) Partition Report
  9) Final Report
	9.1) Device utilization summary
	9.2) Partition Resource Summary
	9.3) TIMING REPORT


=========================================================================
*                      Synthesis Options Summary                        *
=========================================================================
---- Source Parameters
Input File Name                    : "bip.prj"
Input Format                       : mixed
Ignore Synthesis Constraint File   : NO

---- Target Parameters
Output File Name                   : "bip"
Output Format                      : NGC
Target Device                      : xc3s100e-5-cp132

---- Source Options
Top Module Name                    : bip
Automatic FSM Extraction           : YES
FSM Encoding Algorithm             : Auto
Safe Implementation                : No
FSM Style                          : LUT
RAM Extraction                     : Yes
RAM Style                          : Auto
ROM Extraction                     : Yes
Mux Style                          : Auto
Decoder Extraction                 : YES
Priority Encoder Extraction        : Yes
Shift Register Extraction          : YES
Logical Shifter Extraction         : YES
XOR Collapsing                     : YES
ROM Style                          : Auto
Mux Extraction                     : Yes
Resource Sharing                   : YES
Asynchronous To Synchronous        : NO
Multiplier Style                   : Auto
Automatic Register Balancing       : No

---- Target Options
Add IO Buffers                     : YES
Global Maximum Fanout              : 100000
Add Generic Clock Buffer(BUFG)     : 24
Register Duplication               : YES
Slice Packing                      : YES
Optimize Instantiated Primitives   : NO
Use Clock Enable                   : Yes
Use Synchronous Set                : Yes
Use Synchronous Reset              : Yes
Pack IO Registers into IOBs        : Auto
Equivalent register Removal        : YES

---- General Options
Optimization Goal                  : Speed
Optimization Effort                : 1
Keep Hierarchy                     : No
Netlist Hierarchy                  : As_Optimized
RTL Output                         : Yes
Global Optimization                : AllClockNets
Read Cores                         : YES
Write Timing Constraints           : NO
Cross Clock Analysis               : NO
Hierarchy Separator                : /
Bus Delimiter                      : <>
Case Specifier                     : Maintain
Slice Utilization Ratio            : 100
BRAM Utilization Ratio             : 100
Verilog 2001                       : YES
Auto BRAM Packing                  : NO
Slice Utilization Ratio Delta      : 5

=========================================================================


=========================================================================
*                          HDL Compilation                              *
=========================================================================
Compiling verilog file "signal_extension.v" in library work
Compiling verilog file "pc.v" in library work
Module <signal_extension> compiled
Compiling verilog file "ins_deco.v" in library work
Module <pc> compiled
Compiling verilog file "alu.v" in library work
Module <ins_deco> compiled
Compiling verilog file "acc.v" in library work
Module <alu> compiled
Compiling verilog file "datapath.v" in library work
Module <acc> compiled
Compiling verilog file "control.v" in library work
Module <datapath> compiled
Compiling verilog file "program_memory.v" in library work
Module <control> compiled
Compiling verilog file "data_memory.v" in library work
Module <program_memory> compiled
Compiling verilog file "cpu.v" in library work
Module <data_memory> compiled
Compiling verilog file "bip.v" in library work
Module <cpu> compiled
Module <bip> compiled
No errors in compilation
Analysis of file <"bip.prj"> succeeded.
 

=========================================================================
*                     Design Hierarchy Analysis                         *
=========================================================================
Analyzing hierarchy for module <bip> in library <work> with parameters.
	ADDR_BITS = "00000000000000000000000000001011"
	DATA_WIDTH = "00000000000000000000000000010000"

Analyzing hierarchy for module <cpu> in library <work> with parameters.
	ADDR_BITS = "00000000000000000000000000001011"
	DATA_WIDTH = "00000000000000000000000000010000"

Analyzing hierarchy for module <data_memory> in library <work> with parameters.
	RAM_ADDR_BITS = "00000000000000000000000000001011"
	RAM_WIDTH = "00000000000000000000000000010000"

Analyzing hierarchy for module <program_memory> in library <work> with parameters.
	RAM_ADDR_BITS = "00000000000000000000000000001011"
	RAM_WIDTH = "00000000000000000000000000010000"

Analyzing hierarchy for module <control> in library <work>.

Analyzing hierarchy for module <datapath> in library <work>.

Analyzing hierarchy for module <pc> in library <work>.

Analyzing hierarchy for module <ins_deco> in library <work>.

Analyzing hierarchy for module <signal_extension> in library <work>.

Analyzing hierarchy for module <acc> in library <work>.

Analyzing hierarchy for module <alu> in library <work>.


=========================================================================
*                            HDL Analysis                               *
=========================================================================
Analyzing top module <bip>.
	ADDR_BITS = 32'sb00000000000000000000000000001011
	DATA_WIDTH = 32'sb00000000000000000000000000010000
Module <bip> is correct for synthesis.
 
Analyzing module <cpu> in library <work>.
	ADDR_BITS = 32'sb00000000000000000000000000001011
	DATA_WIDTH = 32'sb00000000000000000000000000010000
Module <cpu> is correct for synthesis.
 
Analyzing module <control> in library <work>.
Module <control> is correct for synthesis.
 
Analyzing module <pc> in library <work>.
Module <pc> is correct for synthesis.
 
Analyzing module <ins_deco> in library <work>.
Module <ins_deco> is correct for synthesis.
 
Analyzing module <datapath> in library <work>.
Module <datapath> is correct for synthesis.
 
Analyzing module <signal_extension> in library <work>.
Module <signal_extension> is correct for synthesis.
 
Analyzing module <acc> in library <work>.
Module <acc> is correct for synthesis.
 
Analyzing module <alu> in library <work>.
Module <alu> is correct for synthesis.
 
Analyzing module <data_memory> in library <work>.
	RAM_ADDR_BITS = 32'sb00000000000000000000000000001011
	RAM_WIDTH = 32'sb00000000000000000000000000010000
Module <data_memory> is correct for synthesis.
 
Analyzing module <program_memory> in library <work>.
	RAM_ADDR_BITS = 32'sb00000000000000000000000000001011
	RAM_WIDTH = 32'sb00000000000000000000000000010000
INFO:Xst:2546 - "program_memory.v" line 39: reading initialization file "binario.bin".
WARNING:Xst:2319 - "program_memory.v" line 39: Signal ram_vec in initial block is partially initialized. The initialization will be ignored.
Module <program_memory> is correct for synthesis.
 

=========================================================================
*                           HDL Synthesis                               *
=========================================================================

Performing bidirectional port resolution...

Synthesizing Unit <data_memory>.
    Related source file is "data_memory.v".
    Found 2048x16-bit single-port RAM <Mram_ram_vec> for signal <ram_vec>.
    Found 16-bit register for signal <out_data>.
    Summary:
	inferred   1 RAM(s).
	inferred  16 D-type flip-flop(s).
Unit <data_memory> synthesized.


Synthesizing Unit <program_memory>.
    Related source file is "program_memory.v".
WARNING:Xst:653 - Signal <write> is used but never assigned. This sourceless signal will be automatically connected to value 0.
    Found 2048x16-bit single-port RAM <Mram_ram_vec> for signal <ram_vec>.
    Found 16-bit register for signal <out_data>.
    Summary:
	inferred   1 RAM(s).
	inferred  16 D-type flip-flop(s).
Unit <program_memory> synthesized.


Synthesizing Unit <pc>.
    Related source file is "pc.v".
    Found 11-bit up counter for signal <addr>.
    Summary:
	inferred   1 Counter(s).
Unit <pc> synthesized.


Synthesizing Unit <ins_deco>.
    Related source file is "ins_deco.v".
    Found 4x2-bit ROM for signal <$rom0000>.
    Summary:
	inferred   1 ROM(s).
Unit <ins_deco> synthesized.


Synthesizing Unit <signal_extension>.
    Related source file is "signal_extension.v".
Unit <signal_extension> synthesized.


Synthesizing Unit <acc>.
    Related source file is "acc.v".
    Found 16-bit register for signal <out_data>.
    Summary:
	inferred  16 D-type flip-flop(s).
Unit <acc> synthesized.


Synthesizing Unit <alu>.
    Related source file is "alu.v".
    Found 16-bit addsub for signal <out_data>.
    Summary:
	inferred   1 Adder/Subtractor(s).
Unit <alu> synthesized.


Synthesizing Unit <control>.
    Related source file is "control.v".
Unit <control> synthesized.


Synthesizing Unit <datapath>.
    Related source file is "datapath.v".
    Found 16-bit 4-to-1 multiplexer for signal <a_selected>.
    Summary:
	inferred  16 Multiplexer(s).
Unit <datapath> synthesized.


Synthesizing Unit <cpu>.
    Related source file is "cpu.v".
Unit <cpu> synthesized.


Synthesizing Unit <bip>.
    Related source file is "bip.v".
Unit <bip> synthesized.

INFO:Xst:1767 - HDL ADVISOR - Resource sharing has identified that some arithmetic operations in this design can share the same physical resources for reduced device utilization. For improved clock frequency you may try to disable resource sharing.

=========================================================================
HDL Synthesis Report

Macro Statistics
# RAMs                                                 : 2
 2048x16-bit single-port RAM                           : 2
# ROMs                                                 : 1
 4x2-bit ROM                                           : 1
# Adders/Subtractors                                   : 1
 16-bit addsub                                         : 1
# Counters                                             : 1
 11-bit up counter                                     : 1
# Registers                                            : 3
 16-bit register                                       : 3
# Multiplexers                                         : 1
 16-bit 4-to-1 multiplexer                             : 1

=========================================================================

=========================================================================
*                       Advanced HDL Synthesis                          *
=========================================================================


Synthesizing (advanced) Unit <bip>.
INFO:Xst:3226 - The RAM <data_memory_unit/Mram_ram_vec> will be implemented as a BLOCK RAM, absorbing the following register(s): <data_memory_unit/out_data>
    -----------------------------------------------------------------------
    | ram_type           | Block                               |          |
    -----------------------------------------------------------------------
    | Port A                                                              |
    |     aspect ratio   | 2048-word x 16-bit                  |          |
    |     mode           | no-change                           |          |
    |     clkA           | connected to signal <clk>           | fall     |
    |     weA            | connected to signal <wr>            | high     |
    |     addrA          | connected to signal <instruction>   |          |
    |     diA            | connected to signal <acc>           |          |
    |     doA            | connected to signal <in_data>       |          |
    -----------------------------------------------------------------------
    | optimization       | speed                               |          |
    -----------------------------------------------------------------------
Unit <bip> synthesized (advanced).

Synthesizing (advanced) Unit <program_memory>.
INFO:Xst:3038 - The RAM <Mram_ram_vec> appears to be read-only. If that was not your intent please check the write enable description.
INFO:Xst:3226 - The RAM <Mram_ram_vec> will be implemented as a BLOCK RAM, absorbing the following register(s): <out_data>
    -----------------------------------------------------------------------
    | ram_type           | Block                               |          |
    -----------------------------------------------------------------------
    | Port A                                                              |
    |     aspect ratio   | 2048-word x 16-bit                  |          |
    |     mode           | write-first                         |          |
    |     clkA           | connected to signal <clk>           | fall     |
    |     enA            | connected to signal <GND>           | low      |
    |     weA            | connected to signal <GND>           | high     |
    |     addrA          | connected to signal <addr>          |          |
    |     diA            | connected to signal <GND>           |          |
    |     doA            | connected to signal <out_data>      |          |
    -----------------------------------------------------------------------
    | optimization       | speed                               |          |
    -----------------------------------------------------------------------
Unit <program_memory> synthesized (advanced).

=========================================================================
Advanced HDL Synthesis Report

Macro Statistics
# RAMs                                                 : 2
 2048x16-bit single-port block RAM                     : 2
# ROMs                                                 : 1
 4x2-bit ROM                                           : 1
# Adders/Subtractors                                   : 1
 16-bit addsub                                         : 1
# Counters                                             : 1
 11-bit up counter                                     : 1
# Registers                                            : 16
 Flip-Flops                                            : 16
# Multiplexers                                         : 1
 16-bit 4-to-1 multiplexer                             : 1

=========================================================================

=========================================================================
*                         Low Level Synthesis                           *
=========================================================================

Optimizing unit <bip> ...

Optimizing unit <acc> ...

Mapping all equations...
Building and optimizing final netlist ...
Found area constraint ratio of 100 (+ 5) on block bip, actual ratio is 4.

Final Macro Processing ...

=========================================================================
Final Register Report

Macro Statistics
# Registers                                            : 27
 Flip-Flops                                            : 27

=========================================================================

=========================================================================
*                           Partition Report                            *
=========================================================================

Partition Implementation Status
-------------------------------

  No Partitions were found in this design.

-------------------------------

=========================================================================
*                            Final Report                               *
=========================================================================
Final Results
RTL Top Level Output File Name     : bip.ngr
Top Level Output File Name         : bip
Output Format                      : NGC
Optimization Goal                  : Speed
Keep Hierarchy                     : No

Design Statistics
# IOs                              : 18

Cell Usage :
# BELS                             : 126
#      GND                         : 1
#      INV                         : 2
#      LUT1                        : 10
#      LUT2                        : 10
#      LUT3                        : 13
#      LUT3_D                      : 1
#      LUT4                        : 23
#      LUT4_L                      : 11
#      MUXCY                       : 25
#      MUXF5                       : 2
#      VCC                         : 1
#      XORCY                       : 27
# FlipFlops/Latches                : 27
#      FDCE                        : 11
#      FDE                         : 16
# RAMS                             : 4
#      RAMB16_S9                   : 4
# Clock Buffers                    : 1
#      BUFGP                       : 1
# IO Buffers                       : 17
#      IBUF                        : 1
#      OBUF                        : 16
=========================================================================

Device utilization summary:
---------------------------

Selected Device : 3s100ecp132-5 

 Number of Slices:                       37  out of    960     3%  
 Number of Slice Flip Flops:             27  out of   1920     1%  
 Number of 4 input LUTs:                 70  out of   1920     3%  
 Number of IOs:                          18
 Number of bonded IOBs:                  18  out of     83    21%  
 Number of BRAMs:                         4  out of      4   100%  
 Number of GCLKs:                         1  out of     24     4%  

---------------------------
Partition Resource Summary:
---------------------------

  No Partitions were found in this design.

---------------------------


=========================================================================
TIMING REPORT

NOTE: THESE TIMING NUMBERS ARE ONLY A SYNTHESIS ESTIMATE.
      FOR ACCURATE TIMING INFORMATION PLEASE REFER TO THE TRACE REPORT
      GENERATED AFTER PLACE-and-ROUTE.

Clock Information:
------------------
-----------------------------------+------------------------+-------+
Clock Signal                       | Clock buffer(FF name)  | Load  |
-----------------------------------+------------------------+-------+
clk                                | BUFGP                  | 31    |
-----------------------------------+------------------------+-------+

Asynchronous Control Signals Information:
----------------------------------------
-----------------------------------+------------------------+-------+
Control Signal                     | Buffer(FF name)        | Load  |
-----------------------------------+------------------------+-------+
reset                              | IBUF                   | 11    |
-----------------------------------+------------------------+-------+

Timing Summary:
---------------
Speed Grade: -5

   Minimum period: 16.427ns (Maximum Frequency: 60.877MHz)
   Minimum input arrival time before clock: No path found
   Maximum output required time after clock: 4.134ns
   Maximum combinational path delay: No path found

Timing Detail:
--------------
All values displayed in nanoseconds (ns)

=========================================================================
Timing constraint: Default period analysis for Clock 'clk'
  Clock period: 16.427ns (frequency: 60.877MHz)
  Total number of paths / destination ports: 1136 / 116
-------------------------------------------------------------------------
Delay:               8.213ns (Levels of Logic = 19)
  Source:            program_memory_unit/Mram_ram_vec2 (RAM)
  Destination:       cpu_unit/datapath_unit/acc_unit/out_data_15 (FF)
  Source Clock:      clk falling
  Destination Clock: clk rising

  Data Path: program_memory_unit/Mram_ram_vec2 to cpu_unit/datapath_unit/acc_unit/out_data_15
                                Gate     Net
    Cell:in->out      fanout   Delay   Delay  Logical Name (Net Name)
    ----------------------------------------  ------------
     RAMB16_S9:CLK->DO2   30   2.436   1.102  program_memory_unit/Mram_ram_vec2 (instruction<11>)
     LUT3:I2->O            1   0.612   0.387  cpu_unit/datapath_unit/b_selected<0>1 (cpu_unit/datapath_unit/b_selected<0>)
     LUT3:I2->O            1   0.612   0.000  cpu_unit/datapath_unit/alu_unit/Maddsub_out_data_lut<0> (cpu_unit/datapath_unit/alu_unit/Maddsub_out_data_lut<0>)
     MUXCY:S->O            1   0.404   0.000  cpu_unit/datapath_unit/alu_unit/Maddsub_out_data_cy<0> (cpu_unit/datapath_unit/alu_unit/Maddsub_out_data_cy<0>)
     MUXCY:CI->O           1   0.052   0.000  cpu_unit/datapath_unit/alu_unit/Maddsub_out_data_cy<1> (cpu_unit/datapath_unit/alu_unit/Maddsub_out_data_cy<1>)
     MUXCY:CI->O           1   0.052   0.000  cpu_unit/datapath_unit/alu_unit/Maddsub_out_data_cy<2> (cpu_unit/datapath_unit/alu_unit/Maddsub_out_data_cy<2>)
     MUXCY:CI->O           1   0.052   0.000  cpu_unit/datapath_unit/alu_unit/Maddsub_out_data_cy<3> (cpu_unit/datapath_unit/alu_unit/Maddsub_out_data_cy<3>)
     MUXCY:CI->O           1   0.052   0.000  cpu_unit/datapath_unit/alu_unit/Maddsub_out_data_cy<4> (cpu_unit/datapath_unit/alu_unit/Maddsub_out_data_cy<4>)
     MUXCY:CI->O           1   0.052   0.000  cpu_unit/datapath_unit/alu_unit/Maddsub_out_data_cy<5> (cpu_unit/datapath_unit/alu_unit/Maddsub_out_data_cy<5>)
     MUXCY:CI->O           1   0.052   0.000  cpu_unit/datapath_unit/alu_unit/Maddsub_out_data_cy<6> (cpu_unit/datapath_unit/alu_unit/Maddsub_out_data_cy<6>)
     MUXCY:CI->O           1   0.052   0.000  cpu_unit/datapath_unit/alu_unit/Maddsub_out_data_cy<7> (cpu_unit/datapath_unit/alu_unit/Maddsub_out_data_cy<7>)
     MUXCY:CI->O           1   0.052   0.000  cpu_unit/datapath_unit/alu_unit/Maddsub_out_data_cy<8> (cpu_unit/datapath_unit/alu_unit/Maddsub_out_data_cy<8>)
     MUXCY:CI->O           1   0.052   0.000  cpu_unit/datapath_unit/alu_unit/Maddsub_out_data_cy<9> (cpu_unit/datapath_unit/alu_unit/Maddsub_out_data_cy<9>)
     MUXCY:CI->O           1   0.052   0.000  cpu_unit/datapath_unit/alu_unit/Maddsub_out_data_cy<10> (cpu_unit/datapath_unit/alu_unit/Maddsub_out_data_cy<10>)
     MUXCY:CI->O           1   0.052   0.000  cpu_unit/datapath_unit/alu_unit/Maddsub_out_data_cy<11> (cpu_unit/datapath_unit/alu_unit/Maddsub_out_data_cy<11>)
     MUXCY:CI->O           1   0.052   0.000  cpu_unit/datapath_unit/alu_unit/Maddsub_out_data_cy<12> (cpu_unit/datapath_unit/alu_unit/Maddsub_out_data_cy<12>)
     MUXCY:CI->O           1   0.052   0.000  cpu_unit/datapath_unit/alu_unit/Maddsub_out_data_cy<13> (cpu_unit/datapath_unit/alu_unit/Maddsub_out_data_cy<13>)
     MUXCY:CI->O           0   0.051   0.000  cpu_unit/datapath_unit/alu_unit/Maddsub_out_data_cy<14> (cpu_unit/datapath_unit/alu_unit/Maddsub_out_data_cy<14>)
     XORCY:CI->O           1   0.699   0.360  cpu_unit/datapath_unit/alu_unit/Maddsub_out_data_xor<15> (cpu_unit/datapath_unit/alu_out<15>)
     LUT4:I3->O            1   0.612   0.000  cpu_unit/datapath_unit/Mmux_a_selected91 (cpu_unit/datapath_unit/a_selected<15>)
     FDE:D                     0.268          cpu_unit/datapath_unit/acc_unit/out_data_15
    ----------------------------------------
    Total                      8.213ns (6.364ns logic, 1.849ns route)
                                       (77.5% logic, 22.5% route)

=========================================================================
Timing constraint: Default OFFSET OUT AFTER for Clock 'clk'
  Total number of paths / destination ports: 16 / 16
-------------------------------------------------------------------------
Offset:              4.134ns (Levels of Logic = 1)
  Source:            cpu_unit/datapath_unit/acc_unit/out_data_15 (FF)
  Destination:       acc<15> (PAD)
  Source Clock:      clk rising

  Data Path: cpu_unit/datapath_unit/acc_unit/out_data_15 to acc<15>
                                Gate     Net
    Cell:in->out      fanout   Delay   Delay  Logical Name (Net Name)
    ----------------------------------------  ------------
     FDE:C->Q              3   0.514   0.451  cpu_unit/datapath_unit/acc_unit/out_data_15 (cpu_unit/datapath_unit/acc_unit/out_data_15)
     OBUF:I->O                 3.169          acc_15_OBUF (acc<15>)
    ----------------------------------------
    Total                      4.134ns (3.683ns logic, 0.451ns route)
                                       (89.1% logic, 10.9% route)

=========================================================================


Total REAL time to Xst completion: 5.00 secs
Total CPU time to Xst completion: 5.50 secs
 
--> 

Total memory usage is 340284 kilobytes

Number of errors   :    0 (   0 filtered)
Number of warnings :    2 (   0 filtered)
Number of infos    :    5 (   0 filtered)

