Release 14.7 - xst P.20131013 (nt64)
Copyright (c) 1995-2013 Xilinx, Inc.  All rights reserved.
--> Parameter TMPDIR set to xst/projnav.tmp


Total REAL time to Xst completion: 0.00 secs
Total CPU time to Xst completion: 0.26 secs
 
--> Parameter xsthdpdir set to xst


Total REAL time to Xst completion: 0.00 secs
Total CPU time to Xst completion: 0.26 secs
 
--> Reading design: control.prj

TABLE OF CONTENTS
  1) Synthesis Options Summary
  2) HDL Compilation
  3) Design Hierarchy Analysis
  4) HDL Analysis
  5) HDL Synthesis
     5.1) HDL Synthesis Report
  6) Advanced HDL Synthesis
     6.1) Advanced HDL Synthesis Report
  7) Low Level Synthesis
  8) Partition Report
  9) Final Report
	9.1) Device utilization summary
	9.2) Partition Resource Summary
	9.3) TIMING REPORT


=========================================================================
*                      Synthesis Options Summary                        *
=========================================================================
---- Source Parameters
Input File Name                    : "control.prj"
Input Format                       : mixed
Ignore Synthesis Constraint File   : NO

---- Target Parameters
Output File Name                   : "control"
Output Format                      : NGC
Target Device                      : xc3s100e-5-cp132

---- Source Options
Top Module Name                    : control
Automatic FSM Extraction           : YES
FSM Encoding Algorithm             : Auto
Safe Implementation                : No
FSM Style                          : LUT
RAM Extraction                     : Yes
RAM Style                          : Auto
ROM Extraction                     : Yes
Mux Style                          : Auto
Decoder Extraction                 : YES
Priority Encoder Extraction        : Yes
Shift Register Extraction          : YES
Logical Shifter Extraction         : YES
XOR Collapsing                     : YES
ROM Style                          : Auto
Mux Extraction                     : Yes
Resource Sharing                   : YES
Asynchronous To Synchronous        : NO
Multiplier Style                   : Auto
Automatic Register Balancing       : No

---- Target Options
Add IO Buffers                     : YES
Global Maximum Fanout              : 100000
Add Generic Clock Buffer(BUFG)     : 24
Register Duplication               : YES
Slice Packing                      : YES
Optimize Instantiated Primitives   : NO
Use Clock Enable                   : Yes
Use Synchronous Set                : Yes
Use Synchronous Reset              : Yes
Pack IO Registers into IOBs        : Auto
Equivalent register Removal        : YES

---- General Options
Optimization Goal                  : Speed
Optimization Effort                : 1
Keep Hierarchy                     : No
Netlist Hierarchy                  : As_Optimized
RTL Output                         : Yes
Global Optimization                : AllClockNets
Read Cores                         : YES
Write Timing Constraints           : NO
Cross Clock Analysis               : NO
Hierarchy Separator                : /
Bus Delimiter                      : <>
Case Specifier                     : Maintain
Slice Utilization Ratio            : 100
BRAM Utilization Ratio             : 100
Verilog 2001                       : YES
Auto BRAM Packing                  : NO
Slice Utilization Ratio Delta      : 5

=========================================================================


=========================================================================
*                          HDL Compilation                              *
=========================================================================
Compiling verilog file "pc.v" in library work
Compiling verilog file "ins_deco.v" in library work
Module <pc> compiled
Compiling verilog file "control.v" in library work
Module <ins_deco> compiled
Module <control> compiled
No errors in compilation
Analysis of file <"control.prj"> succeeded.
 

=========================================================================
*                     Design Hierarchy Analysis                         *
=========================================================================
Analyzing hierarchy for module <control> in library <work>.

Analyzing hierarchy for module <pc> in library <work>.

Analyzing hierarchy for module <ins_deco> in library <work>.


=========================================================================
*                            HDL Analysis                               *
=========================================================================
Analyzing top module <control>.
Module <control> is correct for synthesis.
 
Analyzing module <pc> in library <work>.
Module <pc> is correct for synthesis.
 
Analyzing module <ins_deco> in library <work>.
Module <ins_deco> is correct for synthesis.
 

=========================================================================
*                           HDL Synthesis                               *
=========================================================================

Performing bidirectional port resolution...

Synthesizing Unit <pc>.
    Related source file is "pc.v".
    Found 11-bit up counter for signal <addr>.
    Summary:
	inferred   1 Counter(s).
Unit <pc> synthesized.


Synthesizing Unit <ins_deco>.
    Related source file is "ins_deco.v".
    Found 4x2-bit ROM for signal <$rom0000>.
    Summary:
	inferred   1 ROM(s).
Unit <ins_deco> synthesized.


Synthesizing Unit <control>.
    Related source file is "control.v".
Unit <control> synthesized.


=========================================================================
HDL Synthesis Report

Macro Statistics
# ROMs                                                 : 1
 4x2-bit ROM                                           : 1
# Counters                                             : 1
 11-bit up counter                                     : 1

=========================================================================

=========================================================================
*                       Advanced HDL Synthesis                          *
=========================================================================


=========================================================================
Advanced HDL Synthesis Report

Macro Statistics
# ROMs                                                 : 1
 4x2-bit ROM                                           : 1
# Counters                                             : 1
 11-bit up counter                                     : 1

=========================================================================

=========================================================================
*                         Low Level Synthesis                           *
=========================================================================

Optimizing unit <control> ...

Mapping all equations...
Building and optimizing final netlist ...
Found area constraint ratio of 100 (+ 5) on block control, actual ratio is 1.

Final Macro Processing ...

=========================================================================
Final Register Report

Macro Statistics
# Registers                                            : 11
 Flip-Flops                                            : 11

=========================================================================

=========================================================================
*                           Partition Report                            *
=========================================================================

Partition Implementation Status
-------------------------------

  No Partitions were found in this design.

-------------------------------

=========================================================================
*                            Final Report                               *
=========================================================================
Final Results
RTL Top Level Output File Name     : control.ngr
Top Level Output File Name         : control
Output Format                      : NGC
Optimization Goal                  : Speed
Keep Hierarchy                     : No

Design Statistics
# IOs                              : 47

Cell Usage :
# BELS                             : 42
#      GND                         : 1
#      INV                         : 2
#      LUT1                        : 10
#      LUT2                        : 1
#      LUT3                        : 1
#      LUT4                        : 3
#      MUXCY                       : 10
#      MUXF5                       : 2
#      VCC                         : 1
#      XORCY                       : 11
# FlipFlops/Latches                : 11
#      FDCE                        : 11
# Clock Buffers                    : 1
#      BUFGP                       : 1
# IO Buffers                       : 46
#      IBUF                        : 17
#      OBUF                        : 29
=========================================================================

Device utilization summary:
---------------------------

Selected Device : 3s100ecp132-5 

 Number of Slices:                       10  out of    960     1%  
 Number of Slice Flip Flops:             11  out of   1920     0%  
 Number of 4 input LUTs:                 17  out of   1920     0%  
 Number of IOs:                          47
 Number of bonded IOBs:                  47  out of     83    56%  
 Number of GCLKs:                         1  out of     24     4%  

---------------------------
Partition Resource Summary:
---------------------------

  No Partitions were found in this design.

---------------------------


=========================================================================
TIMING REPORT

NOTE: THESE TIMING NUMBERS ARE ONLY A SYNTHESIS ESTIMATE.
      FOR ACCURATE TIMING INFORMATION PLEASE REFER TO THE TRACE REPORT
      GENERATED AFTER PLACE-and-ROUTE.

Clock Information:
------------------
-----------------------------------+------------------------+-------+
Clock Signal                       | Clock buffer(FF name)  | Load  |
-----------------------------------+------------------------+-------+
clk                                | BUFGP                  | 11    |
-----------------------------------+------------------------+-------+

Asynchronous Control Signals Information:
----------------------------------------
-----------------------------------+------------------------+-------+
Control Signal                     | Buffer(FF name)        | Load  |
-----------------------------------+------------------------+-------+
reset                              | IBUF                   | 11    |
-----------------------------------+------------------------+-------+

Timing Summary:
---------------
Speed Grade: -5

   Minimum period: 3.441ns (Maximum Frequency: 290.617MHz)
   Minimum input arrival time before clock: 3.875ns
   Maximum output required time after clock: 4.063ns
   Maximum combinational path delay: 6.908ns

Timing Detail:
--------------
All values displayed in nanoseconds (ns)

=========================================================================
Timing constraint: Default period analysis for Clock 'clk'
  Clock period: 3.441ns (frequency: 290.617MHz)
  Total number of paths / destination ports: 66 / 11
-------------------------------------------------------------------------
Delay:               3.441ns (Levels of Logic = 11)
  Source:            pc_unit/addr_1 (FF)
  Destination:       pc_unit/addr_10 (FF)
  Source Clock:      clk rising
  Destination Clock: clk rising

  Data Path: pc_unit/addr_1 to pc_unit/addr_10
                                Gate     Net
    Cell:in->out      fanout   Delay   Delay  Logical Name (Net Name)
    ----------------------------------------  ------------
     FDCE:C->Q             2   0.514   0.532  pc_unit/addr_1 (pc_unit/addr_1)
     LUT1:I0->O            1   0.612   0.000  pc_unit/Mcount_addr_cy<1>_rt (pc_unit/Mcount_addr_cy<1>_rt)
     MUXCY:S->O            1   0.404   0.000  pc_unit/Mcount_addr_cy<1> (pc_unit/Mcount_addr_cy<1>)
     MUXCY:CI->O           1   0.051   0.000  pc_unit/Mcount_addr_cy<2> (pc_unit/Mcount_addr_cy<2>)
     MUXCY:CI->O           1   0.051   0.000  pc_unit/Mcount_addr_cy<3> (pc_unit/Mcount_addr_cy<3>)
     MUXCY:CI->O           1   0.051   0.000  pc_unit/Mcount_addr_cy<4> (pc_unit/Mcount_addr_cy<4>)
     MUXCY:CI->O           1   0.051   0.000  pc_unit/Mcount_addr_cy<5> (pc_unit/Mcount_addr_cy<5>)
     MUXCY:CI->O           1   0.051   0.000  pc_unit/Mcount_addr_cy<6> (pc_unit/Mcount_addr_cy<6>)
     MUXCY:CI->O           1   0.051   0.000  pc_unit/Mcount_addr_cy<7> (pc_unit/Mcount_addr_cy<7>)
     MUXCY:CI->O           1   0.051   0.000  pc_unit/Mcount_addr_cy<8> (pc_unit/Mcount_addr_cy<8>)
     MUXCY:CI->O           0   0.051   0.000  pc_unit/Mcount_addr_cy<9> (pc_unit/Mcount_addr_cy<9>)
     XORCY:CI->O           1   0.699   0.000  pc_unit/Mcount_addr_xor<10> (Result<10>)
     FDCE:D                    0.268          pc_unit/addr_10
    ----------------------------------------
    Total                      3.441ns (2.909ns logic, 0.532ns route)
                                       (84.5% logic, 15.5% route)

=========================================================================
Timing constraint: Default OFFSET IN BEFORE for Clock 'clk'
  Total number of paths / destination ports: 55 / 11
-------------------------------------------------------------------------
Offset:              3.875ns (Levels of Logic = 3)
  Source:            data<15> (PAD)
  Destination:       pc_unit/addr_0 (FF)
  Destination Clock: clk rising

  Data Path: data<15> to pc_unit/addr_0
                                Gate     Net
    Cell:in->out      fanout   Delay   Delay  Logical Name (Net Name)
    ----------------------------------------  ------------
     IBUF:I->O             3   1.106   0.603  data_15_IBUF (data_15_IBUF)
     LUT4:I0->O            1   0.612   0.000  ins_deco_unit/wr_pc1 (ins_deco_unit/wr_pc)
     MUXF5:I0->O          11   0.278   0.793  ins_deco_unit/wr_pc_f5 (wr_pc)
     FDCE:CE                   0.483          pc_unit/addr_0
    ----------------------------------------
    Total                      3.875ns (2.479ns logic, 1.396ns route)
                                       (64.0% logic, 36.0% route)

=========================================================================
Timing constraint: Default OFFSET OUT AFTER for Clock 'clk'
  Total number of paths / destination ports: 11 / 11
-------------------------------------------------------------------------
Offset:              4.063ns (Levels of Logic = 1)
  Source:            pc_unit/addr_10 (FF)
  Destination:       addr<10> (PAD)
  Source Clock:      clk rising

  Data Path: pc_unit/addr_10 to addr<10>
                                Gate     Net
    Cell:in->out      fanout   Delay   Delay  Logical Name (Net Name)
    ----------------------------------------  ------------
     FDCE:C->Q             2   0.514   0.380  pc_unit/addr_10 (pc_unit/addr_10)
     OBUF:I->O                 3.169          addr_10_OBUF (addr<10>)
    ----------------------------------------
    Total                      4.063ns (3.683ns logic, 0.380ns route)
                                       (90.6% logic, 9.4% route)

=========================================================================
Timing constraint: Default path analysis
  Total number of paths / destination ports: 31 / 18
-------------------------------------------------------------------------
Delay:               6.908ns (Levels of Logic = 4)
  Source:            data<15> (PAD)
  Destination:       rd_ram (PAD)

  Data Path: data<15> to rd_ram
                                Gate     Net
    Cell:in->out      fanout   Delay   Delay  Logical Name (Net Name)
    ----------------------------------------  ------------
     IBUF:I->O             3   1.106   0.603  data_15_IBUF (data_15_IBUF)
     LUT4:I0->O            2   0.612   0.449  ins_deco_unit/rd_ram21 (wr_acc_OBUF)
     LUT2:I1->O            1   0.612   0.357  ins_deco_unit/rd_ram1 (rd_ram_OBUF)
     OBUF:I->O                 3.169          rd_ram_OBUF (rd_ram)
    ----------------------------------------
    Total                      6.908ns (5.499ns logic, 1.409ns route)
                                       (79.6% logic, 20.4% route)

=========================================================================


Total REAL time to Xst completion: 6.00 secs
Total CPU time to Xst completion: 5.45 secs
 
--> 

Total memory usage is 324076 kilobytes

Number of errors   :    0 (   0 filtered)
Number of warnings :    0 (   0 filtered)
Number of infos    :    0 (   0 filtered)

