Release 14.7 - xst P.20131013 (nt64)
Copyright (c) 1995-2013 Xilinx, Inc.  All rights reserved.
--> Parameter TMPDIR set to xst/projnav.tmp


Total REAL time to Xst completion: 0.00 secs
Total CPU time to Xst completion: 0.08 secs
 
--> Parameter xsthdpdir set to xst


Total REAL time to Xst completion: 0.00 secs
Total CPU time to Xst completion: 0.08 secs
 
--> Reading design: top_module.prj

TABLE OF CONTENTS
  1) Synthesis Options Summary
  2) HDL Compilation
  3) Design Hierarchy Analysis
  4) HDL Analysis
  5) HDL Synthesis
     5.1) HDL Synthesis Report
  6) Advanced HDL Synthesis
     6.1) Advanced HDL Synthesis Report
  7) Low Level Synthesis
  8) Partition Report
  9) Final Report
	9.1) Device utilization summary
	9.2) Partition Resource Summary
	9.3) TIMING REPORT


=========================================================================
*                      Synthesis Options Summary                        *
=========================================================================
---- Source Parameters
Input File Name                    : "top_module.prj"
Input Format                       : mixed
Ignore Synthesis Constraint File   : NO

---- Target Parameters
Output File Name                   : "top_module"
Output Format                      : NGC
Target Device                      : xc3s100e-5-cp132

---- Source Options
Top Module Name                    : top_module
Automatic FSM Extraction           : YES
FSM Encoding Algorithm             : Auto
Safe Implementation                : No
FSM Style                          : LUT
RAM Extraction                     : Yes
RAM Style                          : Auto
ROM Extraction                     : Yes
Mux Style                          : Auto
Decoder Extraction                 : YES
Priority Encoder Extraction        : Yes
Shift Register Extraction          : YES
Logical Shifter Extraction         : YES
XOR Collapsing                     : YES
ROM Style                          : Auto
Mux Extraction                     : Yes
Resource Sharing                   : YES
Asynchronous To Synchronous        : NO
Multiplier Style                   : Auto
Automatic Register Balancing       : No

---- Target Options
Add IO Buffers                     : YES
Global Maximum Fanout              : 100000
Add Generic Clock Buffer(BUFG)     : 24
Register Duplication               : YES
Slice Packing                      : YES
Optimize Instantiated Primitives   : NO
Use Clock Enable                   : Yes
Use Synchronous Set                : Yes
Use Synchronous Reset              : Yes
Pack IO Registers into IOBs        : Auto
Equivalent register Removal        : YES

---- General Options
Optimization Goal                  : Speed
Optimization Effort                : 1
Keep Hierarchy                     : No
Netlist Hierarchy                  : As_Optimized
RTL Output                         : Yes
Global Optimization                : AllClockNets
Read Cores                         : YES
Write Timing Constraints           : NO
Cross Clock Analysis               : NO
Hierarchy Separator                : /
Bus Delimiter                      : <>
Case Specifier                     : Maintain
Slice Utilization Ratio            : 100
BRAM Utilization Ratio             : 100
Verilog 2001                       : YES
Auto BRAM Packing                  : NO
Slice Utilization Ratio Delta      : 5

=========================================================================


=========================================================================
*                          HDL Compilation                              *
=========================================================================
Compiling verilog file "uart_tx.v" in library work
Compiling verilog file "uart_rx.v" in library work
Module <uart_tx> compiled
Compiling verilog file "fifo.v" in library work
Module <uart_rx> compiled
Compiling verilog file "baud_gen.v" in library work
Module <fifo> compiled
Compiling verilog file "uart.v" in library work
Module <baud_gen> compiled
Compiling verilog file "interfaz.v" in library work
Module <uart> compiled
Compiling verilog file "alu.v" in library work
Module <interfaz> compiled
Compiling verilog file "top_module.v" in library work
Module <alu> compiled
Module <top_module> compiled
No errors in compilation
Analysis of file <"top_module.prj"> succeeded.
 

=========================================================================
*                     Design Hierarchy Analysis                         *
=========================================================================
Analyzing hierarchy for module <top_module> in library <work> with parameters.
	DBIT = "00000000000000000000000000001000"
	DVSR = "00000000000000000000000010100011"
	DVSR_BIT = "00000000000000000000000000001000"
	FIF0_W = "00000000000000000000000000000010"
	SB_TICK = "00000000000000000000000000010000"

Analyzing hierarchy for module <alu> in library <work> with parameters.
	REG_SIZE = "00000000000000000000000000001000"

Analyzing hierarchy for module <interfaz> in library <work> with parameters.
	REG_SIZE = "00000000000000000000000000001000"
	num1 = "00"
	num2 = "01"
	opr = "10"

Analyzing hierarchy for module <uart> in library <work> with parameters.
	DBIT = "00000000000000000000000000001000"
	DVSR = "00000000000000000000000010100011"
	DVSR_BIT = "00000000000000000000000000001000"
	FIF0_W = "00000000000000000000000000000010"
	SB_TICK = "00000000000000000000000000010000"

Analyzing hierarchy for module <baud_gen> in library <work> with parameters.
	M = "00000000000000000000000010100011"
	N = "00000000000000000000000000001000"

Analyzing hierarchy for module <uart_rx> in library <work> with parameters.
	DBIT = "00000000000000000000000000001000"
	SB_TICK = "00000000000000000000000000010000"
	data = "10"
	idle = "00"
	start = "01"
	stop = "11"

Analyzing hierarchy for module <fifo> in library <work> with parameters.
	B = "00000000000000000000000000001000"
	W = "00000000000000000000000000000010"

Analyzing hierarchy for module <uart_tx> in library <work> with parameters.
	DBIT = "00000000000000000000000000001000"
	SB_TICK = "00000000000000000000000000010000"
	data = "10"
	idle = "00"
	start = "01"
	stop = "11"


=========================================================================
*                            HDL Analysis                               *
=========================================================================
Analyzing top module <top_module>.
	DBIT = 32'sb00000000000000000000000000001000
	DVSR = 32'sb00000000000000000000000010100011
	DVSR_BIT = 32'sb00000000000000000000000000001000
	FIF0_W = 32'sb00000000000000000000000000000010
	SB_TICK = 32'sb00000000000000000000000000010000
Module <top_module> is correct for synthesis.
 
Analyzing module <alu> in library <work>.
	REG_SIZE = 32'sb00000000000000000000000000001000
Module <alu> is correct for synthesis.
 
Analyzing module <interfaz> in library <work>.
	REG_SIZE = 32'sb00000000000000000000000000001000
	num1 = 2'b00
	num2 = 2'b01
	opr = 2'b10
Module <interfaz> is correct for synthesis.
 
Analyzing module <uart> in library <work>.
	DBIT = 32'sb00000000000000000000000000001000
	DVSR = 32'sb00000000000000000000000010100011
	DVSR_BIT = 32'sb00000000000000000000000000001000
	FIF0_W = 32'sb00000000000000000000000000000010
	SB_TICK = 32'sb00000000000000000000000000010000
Module <uart> is correct for synthesis.
 
Analyzing module <baud_gen> in library <work>.
	M = 32'sb00000000000000000000000010100011
	N = 32'sb00000000000000000000000000001000
Module <baud_gen> is correct for synthesis.
 
Analyzing module <uart_rx> in library <work>.
	DBIT = 32'sb00000000000000000000000000001000
	SB_TICK = 32'sb00000000000000000000000000010000
	data = 2'b10
	idle = 2'b00
	start = 2'b01
	stop = 2'b11
Module <uart_rx> is correct for synthesis.
 
Analyzing module <fifo> in library <work>.
	B = 32'sb00000000000000000000000000001000
	W = 32'sb00000000000000000000000000000010
Module <fifo> is correct for synthesis.
 
Analyzing module <uart_tx> in library <work>.
	DBIT = 32'sb00000000000000000000000000001000
	SB_TICK = 32'sb00000000000000000000000000010000
	data = 2'b10
	idle = 2'b00
	start = 2'b01
	stop = 2'b11
Module <uart_tx> is correct for synthesis.
 

=========================================================================
*                           HDL Synthesis                               *
=========================================================================

Performing bidirectional port resolution...
INFO:Xst:2679 - Register <rd_uart> in unit <interfaz> has a constant value of 0 during circuit operation. The register is replaced by logic.

Synthesizing Unit <alu>.
    Related source file is "alu.v".
    Found 8-bit addsub for signal <w$addsub0000>.
    Found 8-bit shifter arithmetic right for signal <w$shift0002> created at line 41.
    Found 8-bit shifter logical right for signal <w$shift0003> created at line 43.
    Found 8-bit xor2 for signal <w$xor0000> created at line 39.
    Summary:
	inferred   1 Adder/Subtractor(s).
	inferred   2 Combinational logic shifter(s).
Unit <alu> synthesized.


Synthesizing Unit <interfaz>.
    Related source file is "interfaz.v".
WARNING:Xst:737 - Found 8-bit latch for signal <a>. Latches may be generated from incomplete case or if statements. We do not recommend the use of latches in FPGA/CPLD designs, as they may lead to timing problems.
WARNING:Xst:737 - Found 2-bit latch for signal <next_state>. Latches may be generated from incomplete case or if statements. We do not recommend the use of latches in FPGA/CPLD designs, as they may lead to timing problems.
WARNING:Xst:737 - Found 8-bit latch for signal <b>. Latches may be generated from incomplete case or if statements. We do not recommend the use of latches in FPGA/CPLD designs, as they may lead to timing problems.
WARNING:Xst:737 - Found 8-bit latch for signal <op>. Latches may be generated from incomplete case or if statements. We do not recommend the use of latches in FPGA/CPLD designs, as they may lead to timing problems.
WARNING:Xst:737 - Found 1-bit latch for signal <w_done>. Latches may be generated from incomplete case or if statements. We do not recommend the use of latches in FPGA/CPLD designs, as they may lead to timing problems.
INFO:Xst:2371 - HDL ADVISOR - Logic functions respectively driving the data and gate enable inputs of this latch share common terms. This situation will potentially lead to setup/hold violations and, as a result, to simulation problems. This situation may come from an incomplete case statement (all selector values are not covered). You should carefully review if it was in your intentions to describe such a latch.
    Found 8-bit register for signal <w_data>.
    Found 1-bit register for signal <wr_uart>.
    Found 2-bit adder for signal <next_state$addsub0000>.
    Found 2-bit 4-to-1 multiplexer for signal <next_state$mux0000> created at line 58.
    Found 2-bit register for signal <state>.
    Summary:
	inferred  11 D-type flip-flop(s).
	inferred   1 Adder/Subtractor(s).
	inferred   2 Multiplexer(s).
Unit <interfaz> synthesized.


Synthesizing Unit <baud_gen>.
    Related source file is "baud_gen.v".
    Found 8-bit adder for signal <r_next$addsub0000> created at line 45.
    Found 8-bit register for signal <r_reg>.
    Summary:
	inferred   8 D-type flip-flop(s).
	inferred   1 Adder/Subtractor(s).
Unit <baud_gen> synthesized.


Synthesizing Unit <uart_rx>.
    Related source file is "uart_rx.v".
INFO:Xst:2117 - HDL ADVISOR - Mux Selector <state_reg> of Case statement line 71 was re-encoded using one-hot encoding. The case statement will be optimized (default statement optimization), but this optimization may lead to design initialization problems. To ensure the design works safely, you can:
   	- add an 'INIT' attribute on signal <state_reg> (optimization is then done without any risk)
   	- use the attribute 'signal_encoding user' to avoid onehot optimization
   	- use the attribute 'safe_implementation yes' to force XST to perform a safe (but less efficient) optimization
    Found finite state machine <FSM_0> for signal <state_reg>.
    -----------------------------------------------------------------------
    | States             | 4                                              |
    | Transitions        | 12                                             |
    | Inputs             | 5                                              |
    | Outputs            | 4                                              |
    | Clock              | clk                       (rising_edge)        |
    | Reset              | reset                     (positive)           |
    | Reset type         | asynchronous                                   |
    | Reset State        | 00                                             |
    | Encoding           | automatic                                      |
    | Implementation     | LUT                                            |
    -----------------------------------------------------------------------
    Found 8-bit register for signal <b_reg>.
    Found 3-bit adder for signal <n_next$addsub0000> created at line 97.
    Found 3-bit register for signal <n_reg>.
    Found 4-bit adder for signal <s_next$share0000> created at line 71.
    Found 4-bit register for signal <s_reg>.
    Summary:
	inferred   1 Finite State Machine(s).
	inferred  15 D-type flip-flop(s).
	inferred   2 Adder/Subtractor(s).
Unit <uart_rx> synthesized.


Synthesizing Unit <fifo>.
    Related source file is "fifo.v".
WARNING:Xst:646 - Signal <w_ptr_succ> is assigned but never used. This unconnected signal will be trimmed during the optimization process.
WARNING:Xst:646 - Signal <r_ptr_succ> is assigned but never used. This unconnected signal will be trimmed during the optimization process.
    Found 4x8-bit dual-port RAM <Mram_array_reg> for signal <array_reg>.
    Found 1-bit 4-to-1 multiplexer for signal <empty_next>.
    Found 2-bit comparator equal for signal <empty_next$cmp_eq0000> created at line 91.
    Found 1-bit register for signal <empty_reg>.
    Found 1-bit 4-to-1 multiplexer for signal <full_next>.
    Found 2-bit comparator equal for signal <full_next$cmp_eq0000> created at line 100.
    Found 1-bit register for signal <full_reg>.
    Found 2-bit register for signal <r_ptr_reg>.
    Found 2-bit register for signal <w_ptr_reg>.
    Summary:
	inferred   1 RAM(s).
	inferred   6 D-type flip-flop(s).
	inferred   2 Adder/Subtractor(s).
	inferred   2 Comparator(s).
	inferred   2 Multiplexer(s).
Unit <fifo> synthesized.


Synthesizing Unit <uart_tx>.
    Related source file is "uart_tx.v".
INFO:Xst:2117 - HDL ADVISOR - Mux Selector <state_reg> of Case statement line 75 was re-encoded using one-hot encoding. The case statement will be optimized (default statement optimization), but this optimization may lead to design initialization problems. To ensure the design works safely, you can:
   	- add an 'INIT' attribute on signal <state_reg> (optimization is then done without any risk)
   	- use the attribute 'signal_encoding user' to avoid onehot optimization
   	- use the attribute 'safe_implementation yes' to force XST to perform a safe (but less efficient) optimization
    Found finite state machine <FSM_1> for signal <state_reg>.
    -----------------------------------------------------------------------
    | States             | 4                                              |
    | Transitions        | 12                                             |
    | Inputs             | 4                                              |
    | Outputs            | 4                                              |
    | Clock              | clk                       (rising_edge)        |
    | Reset              | reset                     (positive)           |
    | Reset type         | asynchronous                                   |
    | Reset State        | 00                                             |
    | Encoding           | automatic                                      |
    | Implementation     | LUT                                            |
    -----------------------------------------------------------------------
    Found 8-bit register for signal <b_reg>.
    Found 3-bit adder for signal <n_next$addsub0000> created at line 110.
    Found 3-bit register for signal <n_reg>.
    Found 4-bit adder for signal <s_next$share0000> created at line 75.
    Found 4-bit register for signal <s_reg>.
    Found 1-bit register for signal <tx_reg>.
    Summary:
	inferred   1 Finite State Machine(s).
	inferred  16 D-type flip-flop(s).
	inferred   2 Adder/Subtractor(s).
Unit <uart_tx> synthesized.


Synthesizing Unit <uart>.
    Related source file is "uart.v".
Unit <uart> synthesized.


Synthesizing Unit <top_module>.
    Related source file is "top_module.v".
Unit <top_module> synthesized.

INFO:Xst:1767 - HDL ADVISOR - Resource sharing has identified that some arithmetic operations in this design can share the same physical resources for reduced device utilization. For improved clock frequency you may try to disable resource sharing.

=========================================================================
HDL Synthesis Report

Macro Statistics
# RAMs                                                 : 2
 4x8-bit dual-port RAM                                 : 2
# Adders/Subtractors                                   : 11
 2-bit adder                                           : 5
 3-bit adder                                           : 2
 4-bit adder                                           : 2
 8-bit adder                                           : 1
 8-bit addsub                                          : 1
# Registers                                            : 19
 1-bit register                                        : 6
 2-bit register                                        : 5
 3-bit register                                        : 2
 4-bit register                                        : 2
 8-bit register                                        : 4
# Latches                                              : 5
 1-bit latch                                           : 1
 2-bit latch                                           : 1
 8-bit latch                                           : 3
# Comparators                                          : 4
 2-bit comparator equal                                : 4
# Multiplexers                                         : 5
 1-bit 4-to-1 multiplexer                              : 4
 2-bit 4-to-1 multiplexer                              : 1
# Logic shifters                                       : 2
 8-bit shifter arithmetic right                        : 1
 8-bit shifter logical right                           : 1
# Xors                                                 : 1
 8-bit xor2                                            : 1

=========================================================================

=========================================================================
*                       Advanced HDL Synthesis                          *
=========================================================================

Analyzing FSM <FSM_1> for best encoding.
Optimizing FSM <uart_unit/uart_tx_unit/state_reg/FSM> on signal <state_reg[1:2]> with gray encoding.
-------------------
 State | Encoding
-------------------
 00    | 00
 01    | 01
 10    | 11
 11    | 10
-------------------
Analyzing FSM <FSM_0> for best encoding.
Optimizing FSM <uart_unit/uart_rx_unit/state_reg/FSM> on signal <state_reg[1:2]> with gray encoding.
-------------------
 State | Encoding
-------------------
 00    | 00
 01    | 01
 10    | 11
 11    | 10
-------------------
WARNING:Xst:1710 - FF/Latch <r_ptr_reg_0> (without init value) has a constant value of 0 in block <fifo_rx_unit>. This FF/Latch will be trimmed during the optimization process.
WARNING:Xst:1710 - FF/Latch <r_ptr_reg_1> (without init value) has a constant value of 0 in block <fifo_rx_unit>. This FF/Latch will be trimmed during the optimization process.

Synthesizing (advanced) Unit <fifo>.
INFO:Xst:3217 - HDL ADVISOR - Register <b_reg> currently described with an asynchronous reset, could be combined with distributed RAM <Mram_array_reg> for implementation on block RAM resources if you made this reset synchronous instead.
    -----------------------------------------------------------------------
    | ram_type           | Distributed                         |          |
    -----------------------------------------------------------------------
    | Port A                                                              |
    |     aspect ratio   | 4-word x 8-bit                      |          |
    |     clkA           | connected to signal <clk>           | rise     |
    |     weA            | connected to signal <wr_en>         | high     |
    |     addrA          | connected to signal <w_ptr_reg>     |          |
    |     diA            | connected to signal <w_data>        |          |
    -----------------------------------------------------------------------
    | Port B                                                              |
    |     aspect ratio   | 4-word x 8-bit                      |          |
    |     addrB          | connected to signal <r_ptr_reg>     |          |
    |     doB            | connected to signal <r_data>        |          |
    -----------------------------------------------------------------------
Unit <fifo> synthesized (advanced).

=========================================================================
Advanced HDL Synthesis Report

Macro Statistics
# FSMs                                                 : 2
# RAMs                                                 : 2
 4x8-bit dual-port distributed RAM                     : 2
# Adders/Subtractors                                   : 11
 2-bit adder                                           : 5
 3-bit adder                                           : 2
 4-bit adder                                           : 2
 8-bit adder                                           : 1
 8-bit addsub                                          : 1
# Registers                                            : 62
 Flip-Flops                                            : 62
# Latches                                              : 5
 1-bit latch                                           : 1
 2-bit latch                                           : 1
 8-bit latch                                           : 3
# Comparators                                          : 4
 2-bit comparator equal                                : 4
# Multiplexers                                         : 5
 1-bit 4-to-1 multiplexer                              : 4
 2-bit 4-to-1 multiplexer                              : 1
# Logic shifters                                       : 2
 8-bit shifter arithmetic right                        : 1
 8-bit shifter logical right                           : 1
# Xors                                                 : 1
 8-bit xor2                                            : 1

=========================================================================

=========================================================================
*                         Low Level Synthesis                           *
=========================================================================
WARNING:Xst:2170 - Unit alu : the following signal(s) form a combinatorial loop: w_shift0000<7>.

Optimizing unit <top_module> ...

Optimizing unit <alu> ...

Optimizing unit <baud_gen> ...

Optimizing unit <uart_rx> ...

Optimizing unit <fifo> ...

Optimizing unit <uart_tx> ...

Optimizing unit <interfaz> ...
WARNING:Xst:1710 - FF/Latch <uart_unit/fifo_rx_unit/r_ptr_reg_1> (without init value) has a constant value of 0 in block <top_module>. This FF/Latch will be trimmed during the optimization process.
WARNING:Xst:1895 - Due to other FF/Latch trimming, FF/Latch <uart_unit/fifo_rx_unit/r_ptr_reg_0> (without init value) has a constant value of 0 in block <top_module>. This FF/Latch will be trimmed during the optimization process.

Mapping all equations...
Building and optimizing final netlist ...
Found area constraint ratio of 100 (+ 5) on block top_module, actual ratio is 13.

Final Macro Processing ...

=========================================================================
Final Register Report

Macro Statistics
# Registers                                            : 64
 Flip-Flops                                            : 64

=========================================================================

=========================================================================
*                           Partition Report                            *
=========================================================================

Partition Implementation Status
-------------------------------

  No Partitions were found in this design.

-------------------------------

=========================================================================
*                            Final Report                               *
=========================================================================
Final Results
RTL Top Level Output File Name     : top_module.ngr
Top Level Output File Name         : top_module
Output Format                      : NGC
Optimization Goal                  : Speed
Keep Hierarchy                     : No

Design Statistics
# IOs                              : 4

Cell Usage :
# BELS                             : 298
#      GND                         : 1
#      LUT2                        : 20
#      LUT2_D                      : 1
#      LUT2_L                      : 3
#      LUT3                        : 57
#      LUT3_D                      : 3
#      LUT3_L                      : 13
#      LUT4                        : 138
#      LUT4_D                      : 7
#      LUT4_L                      : 19
#      MUXCY                       : 7
#      MUXF5                       : 20
#      VCC                         : 1
#      XORCY                       : 8
# FlipFlops/Latches                : 91
#      FDC                         : 52
#      FDP                         : 3
#      FDR                         : 8
#      FDS                         : 1
#      LD                          : 1
#      LD_1                        : 2
#      LDE_1                       : 24
# RAMS                             : 16
#      RAM16X1D                    : 16
# Clock Buffers                    : 2
#      BUFG                        : 1
#      BUFGP                       : 1
# IO Buffers                       : 3
#      IBUF                        : 2
#      OBUF                        : 1
=========================================================================

Device utilization summary:
---------------------------

Selected Device : 3s100ecp132-5 

 Number of Slices:                      142  out of    960    14%  
 Number of Slice Flip Flops:             91  out of   1920     4%  
 Number of 4 input LUTs:                293  out of   1920    15%  
    Number used as logic:               261
    Number used as RAMs:                 32
 Number of IOs:                           4
 Number of bonded IOBs:                   4  out of     83     4%  
 Number of GCLKs:                         2  out of     24     8%  

---------------------------
Partition Resource Summary:
---------------------------

  No Partitions were found in this design.

---------------------------


=========================================================================
TIMING REPORT

NOTE: THESE TIMING NUMBERS ARE ONLY A SYNTHESIS ESTIMATE.
      FOR ACCURATE TIMING INFORMATION PLEASE REFER TO THE TRACE REPORT
      GENERATED AFTER PLACE-and-ROUTE.

Clock Information:
------------------
-------------------------------------------------------------+------------------------------+-------+
Clock Signal                                                 | Clock buffer(FF name)        | Load  |
-------------------------------------------------------------+------------------------------+-------+
clk                                                          | BUFGP                        | 80    |
uart_unit/fifo_rx_unit/empty_reg1                            | BUFG                         | 26    |
interfaz_unit/w_done_not0001(interfaz_unit/w_done_not00011:O)| NONE(*)(interfaz_unit/w_done)| 1     |
-------------------------------------------------------------+------------------------------+-------+
(*) This 1 clock signal(s) are generated by combinatorial logic,
and XST is not able to identify which are the primary clock signals.
Please use the CLOCK_SIGNAL constraint to specify the clock signal(s) generated by combinatorial logic.
INFO:Xst:2169 - HDL ADVISOR - Some clock signals were not automatically buffered by XST with BUFG/BUFR resources. Please use the buffer_type constraint in order to insert these buffers to the clock signals to help prevent skew problems.

Asynchronous Control Signals Information:
----------------------------------------
-----------------------------------+------------------------+-------+
Control Signal                     | Buffer(FF name)        | Load  |
-----------------------------------+------------------------+-------+
reset                              | IBUF                   | 55    |
-----------------------------------+------------------------+-------+

Timing Summary:
---------------
Speed Grade: -5

   Minimum period: 6.278ns (Maximum Frequency: 159.288MHz)
   Minimum input arrival time before clock: 4.460ns
   Maximum output required time after clock: 4.040ns
   Maximum combinational path delay: No path found

Timing Detail:
--------------
All values displayed in nanoseconds (ns)

=========================================================================
Timing constraint: Default period analysis for Clock 'clk'
  Clock period: 6.278ns (frequency: 159.288MHz)
  Total number of paths / destination ports: 1492 / 142
-------------------------------------------------------------------------
Delay:               6.278ns (Levels of Logic = 4)
  Source:            uart_unit/baud_gen_unit/r_reg_4 (FF)
  Destination:       uart_unit/uart_tx_unit/s_reg_3 (FF)
  Source Clock:      clk rising
  Destination Clock: clk rising

  Data Path: uart_unit/baud_gen_unit/r_reg_4 to uart_unit/uart_tx_unit/s_reg_3
                                Gate     Net
    Cell:in->out      fanout   Delay   Delay  Logical Name (Net Name)
    ----------------------------------------  ------------
     FDC:C->Q              5   0.514   0.541  uart_unit/baud_gen_unit/r_reg_4 (uart_unit/baud_gen_unit/r_reg_4)
     LUT4_D:I3->O         17   0.612   1.045  uart_unit/baud_gen_unit/r_next_cmp_eq000010 (uart_unit/baud_gen_unit/r_next_cmp_eq000010)
     LUT2:I0->O           27   0.612   1.075  uart_unit/baud_gen_unit/r_next_cmp_eq000023 (uart_unit/tick)
     LUT4:I3->O            1   0.612   0.387  uart_unit/uart_tx_unit/s_next<0>_SW0 (N13)
     LUT4:I2->O            1   0.612   0.000  uart_unit/uart_tx_unit/s_next<0> (uart_unit/uart_tx_unit/s_next<0>)
     FDC:D                     0.268          uart_unit/uart_tx_unit/s_reg_0
    ----------------------------------------
    Total                      6.278ns (3.230ns logic, 3.048ns route)
                                       (51.5% logic, 48.5% route)

=========================================================================
Timing constraint: Default period analysis for Clock 'uart_unit/fifo_rx_unit/empty_reg1'
  Clock period: 2.071ns (frequency: 482.777MHz)
  Total number of paths / destination ports: 3 / 2
-------------------------------------------------------------------------
Delay:               2.071ns (Levels of Logic = 1)
  Source:            interfaz_unit/next_state_0 (LATCH)
  Destination:       interfaz_unit/next_state_0 (LATCH)
  Source Clock:      uart_unit/fifo_rx_unit/empty_reg1 rising
  Destination Clock: uart_unit/fifo_rx_unit/empty_reg1 rising

  Data Path: interfaz_unit/next_state_0 to interfaz_unit/next_state_0
                                Gate     Net
    Cell:in->out      fanout   Delay   Delay  Logical Name (Net Name)
    ----------------------------------------  ------------
     LD_1:G->Q             3   0.588   0.603  interfaz_unit/next_state_0 (interfaz_unit/next_state_0)
     LUT3:I0->O            1   0.612   0.000  interfaz_unit/Mmux_next_state_mux000011 (interfaz_unit/next_state_mux0000<0>)
     LD_1:D                    0.268          interfaz_unit/next_state_0
    ----------------------------------------
    Total                      2.071ns (1.468ns logic, 0.603ns route)
                                       (70.9% logic, 29.1% route)

=========================================================================
Timing constraint: Default OFFSET IN BEFORE for Clock 'clk'
  Total number of paths / destination ports: 7 / 6
-------------------------------------------------------------------------
Offset:              4.460ns (Levels of Logic = 4)
  Source:            rx (PAD)
  Destination:       uart_unit/uart_rx_unit/s_reg_3 (FF)
  Destination Clock: clk rising

  Data Path: rx to uart_unit/uart_rx_unit/s_reg_3
                                Gate     Net
    Cell:in->out      fanout   Delay   Delay  Logical Name (Net Name)
    ----------------------------------------  ------------
     IBUF:I->O             6   1.106   0.721  rx_IBUF (rx_IBUF)
     LUT4:I0->O            1   0.612   0.426  uart_unit/uart_rx_unit/s_next<3>5_SW1 (N88)
     LUT4_L:I1->LO         1   0.612   0.103  uart_unit/uart_rx_unit/s_next<3>5 (uart_unit/uart_rx_unit/s_next<3>5)
     LUT4:I3->O            1   0.612   0.000  uart_unit/uart_rx_unit/s_next<3>35 (uart_unit/uart_rx_unit/s_next<3>)
     FDC:D                     0.268          uart_unit/uart_rx_unit/s_reg_3
    ----------------------------------------
    Total                      4.460ns (3.210ns logic, 1.250ns route)
                                       (72.0% logic, 28.0% route)

=========================================================================
Timing constraint: Default OFFSET OUT AFTER for Clock 'clk'
  Total number of paths / destination ports: 1 / 1
-------------------------------------------------------------------------
Offset:              4.040ns (Levels of Logic = 1)
  Source:            uart_unit/uart_tx_unit/tx_reg (FF)
  Destination:       tx (PAD)
  Source Clock:      clk rising

  Data Path: uart_unit/uart_tx_unit/tx_reg to tx
                                Gate     Net
    Cell:in->out      fanout   Delay   Delay  Logical Name (Net Name)
    ----------------------------------------  ------------
     FDP:C->Q              1   0.514   0.357  uart_unit/uart_tx_unit/tx_reg (uart_unit/uart_tx_unit/tx_reg)
     OBUF:I->O                 3.169          tx_OBUF (tx)
    ----------------------------------------
    Total                      4.040ns (3.683ns logic, 0.357ns route)
                                       (91.2% logic, 8.8% route)

=========================================================================


Total REAL time to Xst completion: 6.00 secs
Total CPU time to Xst completion: 5.90 secs
 
--> 

Total memory usage is 310128 kilobytes

Number of errors   :    0 (   0 filtered)
Number of warnings :   12 (   0 filtered)
Number of infos    :    7 (   0 filtered)

