MO interfaz NULL interfaz.v vlg6B/interfaz.bin 1507075267
MO flag_buf NULL flag_buf.v vlg6A/flag__buf.bin 1506456100
MO top_module NULL top_module.v vlg2C/top__module.bin 1507075267
MO fifo NULL fifo.v vlg7C/fifo.bin 1507075267
MO uart NULL uart.v vlg48/uart.bin 1507075267
MO uart_rx NULL uart_rx.v vlg21/uart__rx.bin 1507075267
MO alu NULL alu.v vlg0A/alu.bin 1507075267
MO uart_tx NULL uart_tx.v vlg2B/uart__tx.bin 1507075267
MO baud_gen NULL baud_gen.v vlg59/baud__gen.bin 1507075267
